
================================================================================
  AIPacs Application Build Process
================================================================================

This script will build a complete, standalone version of AIPacs

================================================================================
  Verifying required files and directories
================================================================================

Γ£à Found entry point: main.py
Γ£à Found spec file: AIPacs.spec
Γ£à Directory: PacsClient (346 files)
Γ£à Directory: Fonts (46 files)
Γ£à Directory: Qss (2871 files)
Γ£à File: requirements.txt

Γ£à All required files and directories exist

================================================================================
  Checking PyInstaller (venv-safe)
================================================================================

Using interpreter: C:\Users\Irannobat\AppData\Local\Programs\Python\Python312\python.exe
Γ£à PyInstaller is installed (for this interpreter): 6.18.0

================================================================================
  Cleaning previous build artifacts
================================================================================

Removing directory: D:\PacsClientV2\build
Removing directory: D:\PacsClientV2\dist
Removing: D:\PacsClientV2\PacsClient\__pycache__
Γ£à Cleanup completed

================================================================================
  Building AIPacs application
================================================================================

Using spec file: AIPacs.spec
Running: Application build
Command: C:\Users\Irannobat\AppData\Local\Programs\Python\Python312\python.exe -m PyInstaller --clean --noconfirm AIPacs.spec

--------------------------------------------------------------------------------
157 INFO: PyInstaller: 6.18.0, contrib hooks: 2026.0
158 INFO: Python: 3.12.7
191 INFO: Platform: Windows-11-10.0.26200-SP0
192 INFO: Python environment: C:\Users\Irannobat\AppData\Local\Programs\Python\Python312
194 INFO: Removing temporary files and cleaning cache in C:\Users\Irannobat\AppData\Local\pyinstaller
371 WARNING: collect_data_files - skipping data collection for module 'Custom_Widgets' as it is not a package.
1279 INFO: Module search paths (PYTHONPATH):
['D:\\PacsClientV2',
 'C:\\Users\\Irannobat\\AppData\\Local\\Programs\\Python\\Python312\\python312.zip',
 'C:\\Users\\Irannobat\\AppData\\Local\\Programs\\Python\\Python312\\DLLs',
 'C:\\Users\\Irannobat\\AppData\\Local\\Programs\\Python\\Python312\\Lib',
 'C:\\Users\\Irannobat\\AppData\\Local\\Programs\\Python\\Python312',
 'C:\\Users\\Irannobat\\AppData\\Local\\Programs\\Python\\Python312\\Lib\\site-packages',
 'D:\\PacsClientV2']
1757 INFO: Appending 'datas' from .spec
1877 INFO: checking Analysis
1877 INFO: Building Analysis because Analysis-00.toc is non existent
1879 INFO: Looking for Python shared library...
1879 INFO: Using Python shared library: C:\Users\Irannobat\AppData\Local\Programs\Python\Python312\python312.dll
1879 INFO: Running Analysis Analysis-00.toc
1879 INFO: Target bytecode optimization level: 0
1879 INFO: Initializing module dependency graph...
1881 INFO: Initializing module graph hook caches...
1899 INFO: Analyzing modules for base_library.zip ...
2904 INFO: Processing standard module hook 'hook-encodings.py' from 'C:\\Users\\Irannobat\\AppData\\Local\\Programs\\Python\\Python312\\Lib\\site-packages\\PyInstaller\\hooks'
5155 INFO: Processing standard module hook 'hook-pickle.py' from 'C:\\Users\\Irannobat\\AppData\\Local\\Programs\\Python\\Python312\\Lib\\site-packages\\PyInstaller\\hooks'
6519 INFO: Processing standard module hook 'hook-heapq.py' from 'C:\\Users\\Irannobat\\AppData\\Local\\Programs\\Python\\Python312\\Lib\\site-packages\\PyInstaller\\hooks'
7025 INFO: Caching module dependency graph...
7072 INFO: Analyzing D:\PacsClientV2\main.py
7087 INFO: Processing standard module hook 'hook-PySide6.py' from 'C:\\Users\\Irannobat\\AppData\\Local\\Programs\\Python\\Python312\\Lib\\site-packages\\PyInstaller\\hooks'
7327 INFO: Processing standard module hook 'hook-shiboken6.py' from 'C:\\Users\\Irannobat\\AppData\\Local\\Programs\\Python\\Python312\\Lib\\site-packages\\PyInstaller\\hooks'
7512 INFO: Processing standard module hook 'hook-PySide6.QtNetwork.py' from 'C:\\Users\\Irannobat\\AppData\\Local\\Programs\\Python\\Python312\\Lib\\site-packages\\PyInstaller\\hooks'
10926 INFO: Processing standard module hook 'hook-PySide6.QtCore.py' from 'C:\\Users\\Irannobat\\AppData\\Local\\Programs\\Python\\Python312\\Lib\\site-packages\\PyInstaller\\hooks'
14283 INFO: Processing standard module hook 'hook-PySide6.QtWidgets.py' from 'C:\\Users\\Irannobat\\AppData\\Local\\Programs\\Python\\Python312\\Lib\\site-packages\\PyInstaller\\hooks'
18292 INFO: Processing standard module hook 'hook-PySide6.QtGui.py' from 'C:\\Users\\Irannobat\\AppData\\Local\\Programs\\Python\\Python312\\Lib\\site-packages\\PyInstaller\\hooks'
44554 INFO: Processing standard module hook 'hook-qtawesome.py' from 'C:\\Users\\Irannobat\\AppData\\Local\\Programs\\Python\\Python312\\Lib\\site-packages\\PyInstaller\\hooks'
44577 INFO: Processing standard module hook 'hook-qtpy.py' from 'C:\\Users\\Irannobat\\AppData\\Local\\Programs\\Python\\Python312\\Lib\\site-packages\\PyInstaller\\hooks'
44577 WARNING: hook-qtpy: ignoring QT_API environment variable ('PyQt6') because hook for 'PySide6' has been run!
44577 INFO: hook-qtpy: selected 'PySide6' as Qt bindings because hook for 'PySide6' has been run before.
44603 INFO: Processing standard module hook 'hook-platform.py' from 'C:\\Users\\Irannobat\\AppData\\Local\\Programs\\Python\\Python312\\Lib\\site-packages\\PyInstaller\\hooks'
44607 INFO: Processing pre-safe-import-module hook 'hook-packaging.py' from 'C:\\Users\\Irannobat\\AppData\\Local\\Programs\\Python\\Python312\\Lib\\site-packages\\PyInstaller\\hooks\\pre_safe_import_module'
44607 INFO: SetuptoolsInfo: initializing cached setuptools info...
45171 INFO: Processing pre-safe-import-module hook 'hook-typing_extensions.py' from 'C:\\Users\\Irannobat\\AppData\\Local\\Programs\\Python\\Python312\\Lib\\site-packages\\PyInstaller\\hooks\\pre_safe_import_module'
45419 INFO: Processing standard module hook 'hook-multiprocessing.util.py' from 'C:\\Users\\Irannobat\\AppData\\Local\\Programs\\Python\\Python312\\Lib\\site-packages\\PyInstaller\\hooks'
45584 INFO: Processing standard module hook 'hook-xml.py' from 'C:\\Users\\Irannobat\\AppData\\Local\\Programs\\Python\\Python312\\Lib\\site-packages\\PyInstaller\\hooks'
45804 INFO: Processing standard module hook 'hook-_ctypes.py' from 'C:\\Users\\Irannobat\\AppData\\Local\\Programs\\Python\\Python312\\Lib\\site-packages\\PyInstaller\\hooks'
46231 INFO: Processing standard module hook 'hook-PySide6.QtDataVisualization.py' from 'C:\\Users\\Irannobat\\AppData\\Local\\Programs\\Python\\Python312\\Lib\\site-packages\\PyInstaller\\hooks'
48732 INFO: Processing standard module hook 'hook-PySide6.QtOpenGL.py' from 'C:\\Users\\Irannobat\\AppData\\Local\\Programs\\Python\\Python312\\Lib\\site-packages\\PyInstaller\\hooks'
52287 INFO: Processing standard module hook 'hook-PySide6.QtOpenGLWidgets.py' from 'C:\\Users\\Irannobat\\AppData\\Local\\Programs\\Python\\Python312\\Lib\\site-packages\\PyInstaller\\hooks'
53075 INFO: Processing standard module hook 'hook-sqlite3.py' from 'C:\\Users\\Irannobat\\AppData\\Local\\Programs\\Python\\Python312\\Lib\\site-packages\\PyInstaller\\hooks'
53564 INFO: Processing standard module hook 'hook-pydicom.py' from 'C:\\Users\\Irannobat\\AppData\\Local\\Programs\\Python\\Python312\\Lib\\site-packages\\_pyinstaller_hooks_contrib\\stdhooks'
54664 INFO: Processing standard module hook 'hook-numpy.py' from 'D:\\PacsClientV2\\hooks'
C:\Users\Irannobat\AppData\Local\Programs\Python\Python312\Lib\site-packages\PyInstaller\utils\hooks\__init__.py:665: UserWarning: The numpy.array_api submodule is still experimental. See NEP 47.
  __import__(name)
56342 INFO: Processing standard module hook 'hook-sysconfig.py' from 'C:\\Users\\Irannobat\\AppData\\Local\\Programs\\Python\\Python312\\Lib\\site-packages\\PyInstaller\\hooks'
56392 INFO: Processing standard module hook 'hook-difflib.py' from 'C:\\Users\\Irannobat\\AppData\\Local\\Programs\\Python\\Python312\\Lib\\site-packages\\PyInstaller\\hooks'
58139 INFO: Processing standard module hook 'hook-urllib3.py' from 'C:\\Users\\Irannobat\\AppData\\Local\\Programs\\Python\\Python312\\Lib\\site-packages\\_pyinstaller_hooks_contrib\\stdhooks'
58173 INFO: Processing pre-safe-import-module hook 'hook-urllib3.packages.six.moves.py' from 'C:\\Users\\Irannobat\\AppData\\Local\\Programs\\Python\\Python312\\Lib\\site-packages\\PyInstaller\\hooks\\pre_safe_import_module'
59418 INFO: Processing standard module hook 'hook-cryptography.py' from 'C:\\Users\\Irannobat\\AppData\\Local\\Programs\\Python\\Python312\\Lib\\site-packages\\_pyinstaller_hooks_contrib\\stdhooks'
60649 INFO: hook-cryptography: cryptography does not seem to be using dynamically linked OpenSSL.
60957 INFO: Processing standard module hook 'hook-certifi.py' from 'C:\\Users\\Irannobat\\AppData\\Local\\Programs\\Python\\Python312\\Lib\\site-packages\\_pyinstaller_hooks_contrib\\stdhooks'
61175 INFO: Processing standard module hook 'hook-pandas.py' from 'C:\\Users\\Irannobat\\AppData\\Local\\Programs\\Python\\Python312\\Lib\\site-packages\\PyInstaller\\hooks'
62612 INFO: Processing standard module hook 'hook-zoneinfo.py' from 'C:\\Users\\Irannobat\\AppData\\Local\\Programs\\Python\\Python312\\Lib\\site-packages\\_pyinstaller_hooks_contrib\\stdhooks'
62777 INFO: Processing standard module hook 'hook-scipy.py' from 'C:\\Users\\Irannobat\\AppData\\Local\\Programs\\Python\\Python312\\Lib\\site-packages\\PyInstaller\\hooks'
62911 INFO: Processing standard module hook 'hook-pycparser.py' from 'C:\\Users\\Irannobat\\AppData\\Local\\Programs\\Python\\Python312\\Lib\\site-packages\\_pyinstaller_hooks_contrib\\stdhooks'
63054 INFO: Processing standard module hook 'hook-setuptools.py' from 'C:\\Users\\Irannobat\\AppData\\Local\\Programs\\Python\\Python312\\Lib\\site-packages\\PyInstaller\\hooks'
63071 INFO: Processing pre-safe-import-module hook 'hook-distutils.py' from 'C:\\Users\\Irannobat\\AppData\\Local\\Programs\\Python\\Python312\\Lib\\site-packages\\PyInstaller\\hooks\\pre_safe_import_module'
63111 INFO: Processing pre-safe-import-module hook 'hook-jaraco.py' from 'C:\\Users\\Irannobat\\AppData\\Local\\Programs\\Python\\Python312\\Lib\\site-packages\\PyInstaller\\hooks\\pre_safe_import_module'
63111 INFO: Setuptools: 'jaraco' appears to be a full setuptools-vendored copy - creating alias to 'setuptools._vendor.jaraco'!
63158 INFO: Processing pre-safe-import-module hook 'hook-more_itertools.py' from 'C:\\Users\\Irannobat\\AppData\\Local\\Programs\\Python\\Python312\\Lib\\site-packages\\PyInstaller\\hooks\\pre_safe_import_module'
63158 INFO: Setuptools: 'more_itertools' appears to be a setuptools-vendored copy - creating alias to 'setuptools._vendor.more_itertools'!
63571 INFO: Processing standard module hook 'hook-setuptools._vendor.jaraco.text.py' from 'C:\\Users\\Irannobat\\AppData\\Local\\Programs\\Python\\Python312\\Lib\\site-packages\\PyInstaller\\hooks'
63571 INFO: Processing pre-safe-import-module hook 'hook-importlib_resources.py' from 'C:\\Users\\Irannobat\\AppData\\Local\\Programs\\Python\\Python312\\Lib\\site-packages\\PyInstaller\\hooks\\pre_safe_import_module'
63578 INFO: Processing pre-safe-import-module hook 'hook-backports.py' from 'C:\\Users\\Irannobat\\AppData\\Local\\Programs\\Python\\Python312\\Lib\\site-packages\\PyInstaller\\hooks\\pre_safe_import_module'
63580 INFO: Setuptools: 'backports' appears to be a full setuptools-vendored copy - creating alias to 'setuptools._vendor.backports'!
63732 INFO: Processing pre-safe-import-module hook 'hook-importlib_metadata.py' from 'C:\\Users\\Irannobat\\AppData\\Local\\Programs\\Python\\Python312\\Lib\\site-packages\\PyInstaller\\hooks\\pre_safe_import_module'
63732 INFO: Setuptools: 'importlib_metadata' appears to be a setuptools-vendored copy - creating alias to 'setuptools._vendor.importlib_metadata'!
63804 INFO: Processing standard module hook 'hook-setuptools._vendor.importlib_metadata.py' from 'C:\\Users\\Irannobat\\AppData\\Local\\Programs\\Python\\Python312\\Lib\\site-packages\\PyInstaller\\hooks'
63823 INFO: Processing pre-safe-import-module hook 'hook-zipp.py' from 'C:\\Users\\Irannobat\\AppData\\Local\\Programs\\Python\\Python312\\Lib\\site-packages\\PyInstaller\\hooks\\pre_safe_import_module'
63823 INFO: Setuptools: 'zipp' appears to be a setuptools-vendored copy - creating alias to 'setuptools._vendor.zipp'!
64055 INFO: Processing pre-safe-import-module hook 'hook-tomli.py' from 'C:\\Users\\Irannobat\\AppData\\Local\\Programs\\Python\\Python312\\Lib\\site-packages\\PyInstaller\\hooks\\pre_safe_import_module'
64055 INFO: Setuptools: 'tomli' appears to be a setuptools-vendored copy - creating alias to 'setuptools._vendor.tomli'!
64530 INFO: Processing pre-safe-import-module hook 'hook-wheel.py' from 'C:\\Users\\Irannobat\\AppData\\Local\\Programs\\Python\\Python312\\Lib\\site-packages\\PyInstaller\\hooks\\pre_safe_import_module'
64530 INFO: Setuptools: 'wheel' appears to be a setuptools-vendored copy - creating alias to 'setuptools._vendor.wheel'!
65432 INFO: Processing standard module hook 'hook-scipy.linalg.py' from 'C:\\Users\\Irannobat\\AppData\\Local\\Programs\\Python\\Python312\\Lib\\site-packages\\PyInstaller\\hooks'
65564 INFO: Processing standard module hook 'hook-scipy.special._ufuncs.py' from 'C:\\Users\\Irannobat\\AppData\\Local\\Programs\\Python\\Python312\\Lib\\site-packages\\PyInstaller\\hooks'
66849 INFO: Processing standard module hook 'hook-scipy.spatial._ckdtree.py' from 'C:\\Users\\Irannobat\\AppData\\Local\\Programs\\Python\\Python312\\Lib\\site-packages\\PyInstaller\\hooks'
66908 INFO: Processing standard module hook 'hook-matplotlib.py' from 'C:\\Users\\Irannobat\\AppData\\Local\\Programs\\Python\\Python312\\Lib\\site-packages\\PyInstaller\\hooks'
67361 INFO: Processing pre-safe-import-module hook 'hook-gi.py' from 'C:\\Users\\Irannobat\\AppData\\Local\\Programs\\Python\\Python312\\Lib\\site-packages\\PyInstaller\\hooks\\pre_safe_import_module'
67586 INFO: Processing standard module hook 'hook-matplotlib.backend_bases.py' from 'C:\\Users\\Irannobat\\AppData\\Local\\Programs\\Python\\Python312\\Lib\\site-packages\\PyInstaller\\hooks'
67715 INFO: Processing standard module hook 'hook-PIL.py' from 'C:\\Users\\Irannobat\\AppData\\Local\\Programs\\Python\\Python312\\Lib\\site-packages\\PyInstaller\\hooks'
67847 INFO: Processing standard module hook 'hook-PIL.Image.py' from 'C:\\Users\\Irannobat\\AppData\\Local\\Programs\\Python\\Python312\\Lib\\site-packages\\PyInstaller\\hooks'
68263 INFO: Processing standard module hook 'hook-xml.etree.cElementTree.py' from 'C:\\Users\\Irannobat\\AppData\\Local\\Programs\\Python\\Python312\\Lib\\site-packages\\PyInstaller\\hooks'
68444 INFO: Processing standard module hook 'hook-PIL.ImageFilter.py' from 'C:\\Users\\Irannobat\\AppData\\Local\\Programs\\Python\\Python312\\Lib\\site-packages\\PyInstaller\\hooks'
69448 INFO: Processing standard module hook 'hook-matplotlib.backends.py' from 'C:\\Users\\Irannobat\\AppData\\Local\\Programs\\Python\\Python312\\Lib\\site-packages\\PyInstaller\\hooks'
69546 INFO: Processing standard module hook 'hook-matplotlib.pyplot.py' from 'C:\\Users\\Irannobat\\AppData\\Local\\Programs\\Python\\Python312\\Lib\\site-packages\\PyInstaller\\hooks'
70554 INFO: Processing standard module hook 'hook-dateutil.py' from 'C:\\Users\\Irannobat\\AppData\\Local\\Programs\\Python\\Python312\\Lib\\site-packages\\_pyinstaller_hooks_contrib\\stdhooks'
70639 INFO: Processing pre-safe-import-module hook 'hook-six.moves.py' from 'C:\\Users\\Irannobat\\AppData\\Local\\Programs\\Python\\Python312\\Lib\\site-packages\\PyInstaller\\hooks\\pre_safe_import_module'
73027 INFO: Processing standard module hook 'hook-scipy.spatial.transform.rotation.py' from 'C:\\Users\\Irannobat\\AppData\\Local\\Programs\\Python\\Python312\\Lib\\site-packages\\PyInstaller\\hooks'
74772 INFO: Processing standard module hook 'hook-scipy.stats._stats.py' from 'C:\\Users\\Irannobat\\AppData\\Local\\Programs\\Python\\Python312\\Lib\\site-packages\\PyInstaller\\hooks'
75492 INFO: Processing standard module hook 'hook-scipy.sparse.csgraph.py' from 'C:\\Users\\Irannobat\\AppData\\Local\\Programs\\Python\\Python312\\Lib\\site-packages\\PyInstaller\\hooks'
76584 INFO: Processing standard module hook 'hook-scipy.special._ellip_harm_2.py' from 'C:\\Users\\Irannobat\\AppData\\Local\\Programs\\Python\\Python312\\Lib\\site-packages\\PyInstaller\\hooks'
78938 INFO: Processing standard module hook 'hook-pandas.io.formats.style.py' from 'C:\\Users\\Irannobat\\AppData\\Local\\Programs\\Python\\Python312\\Lib\\site-packages\\PyInstaller\\hooks'
82017 INFO: Processing standard module hook 'hook-pandas.plotting.py' from 'C:\\Users\\Irannobat\\AppData\\Local\\Programs\\Python\\Python312\\Lib\\site-packages\\PyInstaller\\hooks'
83812 INFO: Processing standard module hook 'hook-pandas.io.clipboard.py' from 'C:\\Users\\Irannobat\\AppData\\Local\\Programs\\Python\\Python312\\Lib\\site-packages\\PyInstaller\\hooks'
83944 INFO: Processing standard module hook 'hook-xml.dom.domreg.py' from 'C:\\Users\\Irannobat\\AppData\\Local\\Programs\\Python\\Python312\\Lib\\site-packages\\PyInstaller\\hooks'
85170 INFO: Processing standard module hook 'hook-pkg_resources.py' from 'C:\\Users\\Irannobat\\AppData\\Local\\Programs\\Python\\Python312\\Lib\\site-packages\\PyInstaller\\hooks'
85582 INFO: Processing pre-safe-import-module hook 'hook-platformdirs.py' from 'C:\\Users\\Irannobat\\AppData\\Local\\Programs\\Python\\Python312\\Lib\\site-packages\\PyInstaller\\hooks\\pre_safe_import_module'
85583 INFO: Setuptools: 'platformdirs' appears to be a setuptools-vendored copy - creating alias to 'setuptools._vendor.platformdirs'!
87651 INFO: Processing standard module hook 'hook-vtkmodules.py' from 'D:\\PacsClientV2\\hooks'
89036 INFO: Processing standard module hook 'hook-vtkmodules.vtkWebCore.py' from 'C:\\Users\\Irannobat\\AppData\\Local\\Programs\\Python\\Python312\\Lib\\site-packages\\_pyinstaller_hooks_contrib\\stdhooks'
89083 INFO: Processing standard module hook 'hook-vtkmodules.vtkCommonMath.py' from 'C:\\Users\\Irannobat\\AppData\\Local\\Programs\\Python\\Python312\\Lib\\site-packages\\_pyinstaller_hooks_contrib\\stdhooks'
89151 INFO: Processing standard module hook 'hook-vtkmodules.vtkCommonTransforms.py' from 'C:\\Users\\Irannobat\\AppData\\Local\\Programs\\Python\\Python312\\Lib\\site-packages\\_pyinstaller_hooks_contrib\\stdhooks'
90099 INFO: Processing standard module hook 'hook-vtkmodules.vtkCommonDataModel.py' from 'C:\\Users\\Irannobat\\AppData\\Local\\Programs\\Python\\Python312\\Lib\\site-packages\\_pyinstaller_hooks_contrib\\stdhooks'
90269 INFO: Processing standard module hook 'hook-vtkmodules.vtkCommonExecutionModel.py' from 'C:\\Users\\Irannobat\\AppData\\Local\\Programs\\Python\\Python312\\Lib\\site-packages\\_pyinstaller_hooks_contrib\\stdhooks'
90319 INFO: Processing standard module hook 'hook-vtkmodules.vtkIOCore.py' from 'C:\\Users\\Irannobat\\AppData\\Local\\Programs\\Python\\Python312\\Lib\\site-packages\\_pyinstaller_hooks_contrib\\stdhooks'
90411 INFO: Processing standard module hook 'hook-vtkmodules.vtkImagingCore.py' from 'C:\\Users\\Irannobat\\AppData\\Local\\Programs\\Python\\Python312\\Lib\\site-packages\\_pyinstaller_hooks_contrib\\stdhooks'
90504 INFO: Processing standard module hook 'hook-vtkmodules.vtkIOImage.py' from 'C:\\Users\\Irannobat\\AppData\\Local\\Programs\\Python\\Python312\\Lib\\site-packages\\_pyinstaller_hooks_contrib\\stdhooks'
90514 INFO: Processing standard module hook 'hook-vtkmodules.vtkIOXMLParser.py' from 'C:\\Users\\Irannobat\\AppData\\Local\\Programs\\Python\\Python312\\Lib\\site-packages\\_pyinstaller_hooks_contrib\\stdhooks'
90587 INFO: Processing standard module hook 'hook-vtkmodules.vtkIOXML.py' from 'C:\\Users\\Irannobat\\AppData\\Local\\Programs\\Python\\Python312\\Lib\\site-packages\\_pyinstaller_hooks_contrib\\stdhooks'
90607 INFO: Processing standard module hook 'hook-vtkmodules.vtkCommonMisc.py' from 'C:\\Users\\Irannobat\\AppData\\Local\\Programs\\Python\\Python312\\Lib\\site-packages\\_pyinstaller_hooks_contrib\\stdhooks'
90983 INFO: Processing standard module hook 'hook-vtkmodules.vtkFiltersCore.py' from 'C:\\Users\\Irannobat\\AppData\\Local\\Programs\\Python\\Python312\\Lib\\site-packages\\_pyinstaller_hooks_contrib\\stdhooks'
91471 INFO: Processing standard module hook 'hook-vtkmodules.vtkRenderingCore.py' from 'C:\\Users\\Irannobat\\AppData\\Local\\Programs\\Python\\Python312\\Lib\\site-packages\\_pyinstaller_hooks_contrib\\stdhooks'
91542 INFO: Processing standard module hook 'hook-vtkmodules.vtkRenderingContext2D.py' from 'C:\\Users\\Irannobat\\AppData\\Local\\Programs\\Python\\Python312\\Lib\\site-packages\\_pyinstaller_hooks_contrib\\stdhooks'
91556 INFO: Processing standard module hook 'hook-vtkmodules.vtkRenderingFreeType.py' from 'C:\\Users\\Irannobat\\AppData\\Local\\Programs\\Python\\Python312\\Lib\\site-packages\\_pyinstaller_hooks_contrib\\stdhooks'
91568 INFO: Processing standard module hook 'hook-vtkmodules.vtkRenderingSceneGraph.py' from 'C:\\Users\\Irannobat\\AppData\\Local\\Programs\\Python\\Python312\\Lib\\site-packages\\_pyinstaller_hooks_contrib\\stdhooks'
91574 INFO: Processing standard module hook 'hook-vtkmodules.vtkRenderingVtkJS.py' from 'C:\\Users\\Irannobat\\AppData\\Local\\Programs\\Python\\Python312\\Lib\\site-packages\\_pyinstaller_hooks_contrib\\stdhooks'
91635 INFO: Processing standard module hook 'hook-vtkmodules.vtkIOExport.py' from 'C:\\Users\\Irannobat\\AppData\\Local\\Programs\\Python\\Python312\\Lib\\site-packages\\_pyinstaller_hooks_contrib\\stdhooks'
91652 INFO: Processing standard module hook 'hook-vtkmodules.vtkWebGLExporter.py' from 'C:\\Users\\Irannobat\\AppData\\Local\\Programs\\Python\\Python312\\Lib\\site-packages\\_pyinstaller_hooks_contrib\\stdhooks'
91709 INFO: Processing standard module hook 'hook-vtkmodules.vtkCommonComputationalGeometry.py' from 'C:\\Users\\Irannobat\\AppData\\Local\\Programs\\Python\\Python312\\Lib\\site-packages\\_pyinstaller_hooks_contrib\\stdhooks'
91722 INFO: Processing standard module hook 'hook-vtkmodules.vtkCommonSystem.py' from 'C:\\Users\\Irannobat\\AppData\\Local\\Programs\\Python\\Python312\\Lib\\site-packages\\_pyinstaller_hooks_contrib\\stdhooks'
91769 INFO: Processing standard module hook 'hook-vtkmodules.vtkFiltersCellGrid.py' from 'C:\\Users\\Irannobat\\AppData\\Local\\Programs\\Python\\Python312\\Lib\\site-packages\\_pyinstaller_hooks_contrib\\stdhooks'
91778 INFO: Processing standard module hook 'hook-vtkmodules.vtkIOCellGrid.py' from 'C:\\Users\\Irannobat\\AppData\\Local\\Programs\\Python\\Python312\\Lib\\site-packages\\_pyinstaller_hooks_contrib\\stdhooks'
91828 INFO: Processing standard module hook 'hook-vtkmodules.vtkIOLegacy.py' from 'C:\\Users\\Irannobat\\AppData\\Local\\Programs\\Python\\Python312\\Lib\\site-packages\\_pyinstaller_hooks_contrib\\stdhooks'
91850 INFO: Processing standard module hook 'hook-vtkmodules.vtkDomainsChemistry.py' from 'C:\\Users\\Irannobat\\AppData\\Local\\Programs\\Python\\Python312\\Lib\\site-packages\\_pyinstaller_hooks_contrib\\stdhooks'
91976 INFO: Processing standard module hook 'hook-vtkmodules.vtkFiltersSources.py' from 'C:\\Users\\Irannobat\\AppData\\Local\\Programs\\Python\\Python312\\Lib\\site-packages\\_pyinstaller_hooks_contrib\\stdhooks'
92239 INFO: Processing standard module hook 'hook-vtkmodules.vtkFiltersGeneral.py' from 'C:\\Users\\Irannobat\\AppData\\Local\\Programs\\Python\\Python312\\Lib\\site-packages\\_pyinstaller_hooks_contrib\\stdhooks'
92249 INFO: Processing standard module hook 'hook-vtkmodules.vtkRenderingHyperTreeGrid.py' from 'C:\\Users\\Irannobat\\AppData\\Local\\Programs\\Python\\Python312\\Lib\\site-packages\\_pyinstaller_hooks_contrib\\stdhooks'
92257 INFO: Processing standard module hook 'hook-vtkmodules.vtkRenderingUI.py' from 'C:\\Users\\Irannobat\\AppData\\Local\\Programs\\Python\\Python312\\Lib\\site-packages\\_pyinstaller_hooks_contrib\\stdhooks'
92502 INFO: Processing standard module hook 'hook-vtkmodules.vtkRenderingOpenGL2.py' from 'C:\\Users\\Irannobat\\AppData\\Local\\Programs\\Python\\Python312\\Lib\\site-packages\\_pyinstaller_hooks_contrib\\stdhooks'
92520 INFO: Processing standard module hook 'hook-vtkmodules.vtkRenderingContextOpenGL2.py' from 'C:\\Users\\Irannobat\\AppData\\Local\\Programs\\Python\\Python312\\Lib\\site-packages\\_pyinstaller_hooks_contrib\\stdhooks'
92603 INFO: Processing standard module hook 'hook-vtkmodules.vtkRenderingVolume.py' from 'C:\\Users\\Irannobat\\AppData\\Local\\Programs\\Python\\Python312\\Lib\\site-packages\\_pyinstaller_hooks_contrib\\stdhooks'
92619 INFO: Processing standard module hook 'hook-vtkmodules.vtkImagingMath.py' from 'C:\\Users\\Irannobat\\AppData\\Local\\Programs\\Python\\Python312\\Lib\\site-packages\\_pyinstaller_hooks_contrib\\stdhooks'
92641 INFO: Processing standard module hook 'hook-vtkmodules.vtkRenderingVolumeOpenGL2.py' from 'C:\\Users\\Irannobat\\AppData\\Local\\Programs\\Python\\Python312\\Lib\\site-packages\\_pyinstaller_hooks_contrib\\stdhooks'
93227 INFO: Processing standard module hook 'hook-vtkmodules.vtkInteractionWidgets.py' from 'C:\\Users\\Irannobat\\AppData\\Local\\Programs\\Python\\Python312\\Lib\\site-packages\\_pyinstaller_hooks_contrib\\stdhooks'
93261 INFO: Processing standard module hook 'hook-vtkmodules.vtkViewsCore.py' from 'C:\\Users\\Irannobat\\AppData\\Local\\Programs\\Python\\Python312\\Lib\\site-packages\\_pyinstaller_hooks_contrib\\stdhooks'
93265 INFO: Processing standard module hook 'hook-vtkmodules.vtkViewsContext2D.py' from 'C:\\Users\\Irannobat\\AppData\\Local\\Programs\\Python\\Python312\\Lib\\site-packages\\_pyinstaller_hooks_contrib\\stdhooks'
93271 INFO: Processing standard module hook 'hook-vtkmodules.vtkSerializationManager.py' from 'C:\\Users\\Irannobat\\AppData\\Local\\Programs\\Python\\Python312\\Lib\\site-packages\\_pyinstaller_hooks_contrib\\stdhooks'
93277 INFO: Processing standard module hook 'hook-vtkmodules.vtkTestingSerialization.py' from 'C:\\Users\\Irannobat\\AppData\\Local\\Programs\\Python\\Python312\\Lib\\site-packages\\_pyinstaller_hooks_contrib\\stdhooks'
93290 INFO: Processing standard module hook 'hook-vtkmodules.vtkImagingColor.py' from 'C:\\Users\\Irannobat\\AppData\\Local\\Programs\\Python\\Python312\\Lib\\site-packages\\_pyinstaller_hooks_contrib\\stdhooks'
93298 INFO: Processing standard module hook 'hook-vtkmodules.vtkTestingRendering.py' from 'C:\\Users\\Irannobat\\AppData\\Local\\Programs\\Python\\Python312\\Lib\\site-packages\\_pyinstaller_hooks_contrib\\stdhooks'
93335 INFO: Processing standard module hook 'hook-vtkmodules.vtkInteractionStyle.py' from 'C:\\Users\\Irannobat\\AppData\\Local\\Programs\\Python\\Python312\\Lib\\site-packages\\_pyinstaller_hooks_contrib\\stdhooks'
93431 INFO: Processing standard module hook 'hook-vtkmodules.vtkViewsInfovis.py' from 'C:\\Users\\Irannobat\\AppData\\Local\\Programs\\Python\\Python312\\Lib\\site-packages\\_pyinstaller_hooks_contrib\\stdhooks'
93441 INFO: Processing standard module hook 'hook-vtkmodules.vtkRenderingVolumeAMR.py' from 'C:\\Users\\Irannobat\\AppData\\Local\\Programs\\Python\\Python312\\Lib\\site-packages\\_pyinstaller_hooks_contrib\\stdhooks'
93445 INFO: Processing standard module hook 'hook-vtkmodules.vtkPythonContext2D.py' from 'C:\\Users\\Irannobat\\AppData\\Local\\Programs\\Python\\Python312\\Lib\\site-packages\\_pyinstaller_hooks_contrib\\stdhooks'
93496 INFO: Processing standard module hook 'hook-vtkmodules.vtkParallelCore.py' from 'C:\\Users\\Irannobat\\AppData\\Local\\Programs\\Python\\Python312\\Lib\\site-packages\\_pyinstaller_hooks_contrib\\stdhooks'
93527 INFO: Processing standard module hook 'hook-vtkmodules.vtkRenderingParallel.py' from 'C:\\Users\\Irannobat\\AppData\\Local\\Programs\\Python\\Python312\\Lib\\site-packages\\_pyinstaller_hooks_contrib\\stdhooks'
93533 INFO: Processing standard module hook 'hook-vtkmodules.vtkRenderingVRModels.py' from 'C:\\Users\\Irannobat\\AppData\\Local\\Programs\\Python\\Python312\\Lib\\site-packages\\_pyinstaller_hooks_contrib\\stdhooks'
93565 INFO: Processing standard module hook 'hook-vtkmodules.vtkRenderingVR.py' from 'C:\\Users\\Irannobat\\AppData\\Local\\Programs\\Python\\Python312\\Lib\\site-packages\\_pyinstaller_hooks_contrib\\stdhooks'
93583 INFO: Processing standard module hook 'hook-vtkmodules.vtkRenderingMatplotlib.py' from 'C:\\Users\\Irannobat\\AppData\\Local\\Programs\\Python\\Python312\\Lib\\site-packages\\_pyinstaller_hooks_contrib\\stdhooks'
93621 INFO: Processing standard module hook 'hook-vtkmodules.vtkRenderingLabel.py' from 'C:\\Users\\Irannobat\\AppData\\Local\\Programs\\Python\\Python312\\Lib\\site-packages\\_pyinstaller_hooks_contrib\\stdhooks'
93629 INFO: Processing standard module hook 'hook-vtkmodules.vtkRenderingLOD.py' from 'C:\\Users\\Irannobat\\AppData\\Local\\Programs\\Python\\Python312\\Lib\\site-packages\\_pyinstaller_hooks_contrib\\stdhooks'
93654 INFO: Processing standard module hook 'hook-vtkmodules.vtkRenderingLICOpenGL2.py' from 'C:\\Users\\Irannobat\\AppData\\Local\\Programs\\Python\\Python312\\Lib\\site-packages\\_pyinstaller_hooks_contrib\\stdhooks'
93666 INFO: Processing standard module hook 'hook-vtkmodules.vtkRenderingImage.py' from 'C:\\Users\\Irannobat\\AppData\\Local\\Programs\\Python\\Python312\\Lib\\site-packages\\_pyinstaller_hooks_contrib\\stdhooks'
93873 INFO: Processing standard module hook 'hook-vtkmodules.vtkChartsCore.py' from 'C:\\Users\\Irannobat\\AppData\\Local\\Programs\\Python\\Python312\\Lib\\site-packages\\_pyinstaller_hooks_contrib\\stdhooks'
93903 INFO: Processing standard module hook 'hook-vtkmodules.vtkRenderingGridAxes.py' from 'C:\\Users\\Irannobat\\AppData\\Local\\Programs\\Python\\Python312\\Lib\\site-packages\\_pyinstaller_hooks_contrib\\stdhooks'
94039 INFO: Processing standard module hook 'hook-vtkmodules.vtkRenderingExternal.py' from 'C:\\Users\\Irannobat\\AppData\\Local\\Programs\\Python\\Python312\\Lib\\site-packages\\_pyinstaller_hooks_contrib\\stdhooks'
94049 INFO: Processing standard module hook 'hook-vtkmodules.vtkRenderingCellGrid.py' from 'C:\\Users\\Irannobat\\AppData\\Local\\Programs\\Python\\Python312\\Lib\\site-packages\\_pyinstaller_hooks_contrib\\stdhooks'
94066 INFO: Processing standard module hook 'hook-vtkmodules.vtkIOXdmf2.py' from 'C:\\Users\\Irannobat\\AppData\\Local\\Programs\\Python\\Python312\\Lib\\site-packages\\_pyinstaller_hooks_contrib\\stdhooks'
94070 INFO: Processing standard module hook 'hook-vtkmodules.vtkIOVeraOut.py' from 'C:\\Users\\Irannobat\\AppData\\Local\\Programs\\Python\\Python312\\Lib\\site-packages\\_pyinstaller_hooks_contrib\\stdhooks'
94076 INFO: Processing standard module hook 'hook-vtkmodules.vtkIOVPIC.py' from 'C:\\Users\\Irannobat\\AppData\\Local\\Programs\\Python\\Python312\\Lib\\site-packages\\_pyinstaller_hooks_contrib\\stdhooks'
94084 INFO: Processing standard module hook 'hook-vtkmodules.vtkIOTecplotTable.py' from 'C:\\Users\\Irannobat\\AppData\\Local\\Programs\\Python\\Python312\\Lib\\site-packages\\_pyinstaller_hooks_contrib\\stdhooks'
94090 INFO: Processing standard module hook 'hook-vtkmodules.vtkIOTRUCHAS.py' from 'C:\\Users\\Irannobat\\AppData\\Local\\Programs\\Python\\Python312\\Lib\\site-packages\\_pyinstaller_hooks_contrib\\stdhooks'
94095 INFO: Processing standard module hook 'hook-vtkmodules.vtkIOSegY.py' from 'C:\\Users\\Irannobat\\AppData\\Local\\Programs\\Python\\Python312\\Lib\\site-packages\\_pyinstaller_hooks_contrib\\stdhooks'
94131 INFO: Processing standard module hook 'hook-vtkmodules.vtkIOParallelXML.py' from 'C:\\Users\\Irannobat\\AppData\\Local\\Programs\\Python\\Python312\\Lib\\site-packages\\_pyinstaller_hooks_contrib\\stdhooks'
94147 INFO: Processing standard module hook 'hook-vtkmodules.vtkIOLSDyna.py' from 'C:\\Users\\Irannobat\\AppData\\Local\\Programs\\Python\\Python312\\Lib\\site-packages\\_pyinstaller_hooks_contrib\\stdhooks'
94150 INFO: Processing standard module hook 'hook-vtkmodules.vtkIOParallelLSDyna.py' from 'C:\\Users\\Irannobat\\AppData\\Local\\Programs\\Python\\Python312\\Lib\\site-packages\\_pyinstaller_hooks_contrib\\stdhooks'
94201 INFO: Processing standard module hook 'hook-vtkmodules.vtkIOExodus.py' from 'C:\\Users\\Irannobat\\AppData\\Local\\Programs\\Python\\Python312\\Lib\\site-packages\\_pyinstaller_hooks_contrib\\stdhooks'
94208 INFO: Processing standard module hook 'hook-vtkmodules.vtkIOParallelExodus.py' from 'C:\\Users\\Irannobat\\AppData\\Local\\Programs\\Python\\Python312\\Lib\\site-packages\\_pyinstaller_hooks_contrib\\stdhooks'
94285 INFO: Processing standard module hook 'hook-vtkmodules.vtkIOGeometry.py' from 'C:\\Users\\Irannobat\\AppData\\Local\\Programs\\Python\\Python312\\Lib\\site-packages\\_pyinstaller_hooks_contrib\\stdhooks'
94329 INFO: Processing standard module hook 'hook-vtkmodules.vtkIOParallel.py' from 'C:\\Users\\Irannobat\\AppData\\Local\\Programs\\Python\\Python312\\Lib\\site-packages\\_pyinstaller_hooks_contrib\\stdhooks'
94345 INFO: Processing standard module hook 'hook-vtkmodules.vtkIOPLY.py' from 'C:\\Users\\Irannobat\\AppData\\Local\\Programs\\Python\\Python312\\Lib\\site-packages\\_pyinstaller_hooks_contrib\\stdhooks'
94352 INFO: Processing standard module hook 'hook-vtkmodules.vtkIOPIO.py' from 'C:\\Users\\Irannobat\\AppData\\Local\\Programs\\Python\\Python312\\Lib\\site-packages\\_pyinstaller_hooks_contrib\\stdhooks'
94356 INFO: Processing standard module hook 'hook-vtkmodules.vtkIOMovie.py' from 'C:\\Users\\Irannobat\\AppData\\Local\\Programs\\Python\\Python312\\Lib\\site-packages\\_pyinstaller_hooks_contrib\\stdhooks'
94360 INFO: Processing standard module hook 'hook-vtkmodules.vtkIOOggTheora.py' from 'C:\\Users\\Irannobat\\AppData\\Local\\Programs\\Python\\Python312\\Lib\\site-packages\\_pyinstaller_hooks_contrib\\stdhooks'
94364 INFO: Processing standard module hook 'hook-vtkmodules.vtkIOOMF.py' from 'C:\\Users\\Irannobat\\AppData\\Local\\Programs\\Python\\Python312\\Lib\\site-packages\\_pyinstaller_hooks_contrib\\stdhooks'
94401 INFO: Processing standard module hook 'hook-vtkmodules.vtkIONetCDF.py' from 'C:\\Users\\Irannobat\\AppData\\Local\\Programs\\Python\\Python312\\Lib\\site-packages\\_pyinstaller_hooks_contrib\\stdhooks'
94405 INFO: Processing standard module hook 'hook-vtkmodules.vtkIOMotionFX.py' from 'C:\\Users\\Irannobat\\AppData\\Local\\Programs\\Python\\Python312\\Lib\\site-packages\\_pyinstaller_hooks_contrib\\stdhooks'
94430 INFO: Processing standard module hook 'hook-vtkmodules.vtkIOMINC.py' from 'C:\\Users\\Irannobat\\AppData\\Local\\Programs\\Python\\Python312\\Lib\\site-packages\\_pyinstaller_hooks_contrib\\stdhooks'
94434 INFO: Processing standard module hook 'hook-vtkmodules.vtkIOLANLX3D.py' from 'C:\\Users\\Irannobat\\AppData\\Local\\Programs\\Python\\Python312\\Lib\\site-packages\\_pyinstaller_hooks_contrib\\stdhooks'
94452 INFO: Processing standard module hook 'hook-vtkmodules.vtkIOImport.py' from 'C:\\Users\\Irannobat\\AppData\\Local\\Programs\\Python\\Python312\\Lib\\site-packages\\_pyinstaller_hooks_contrib\\stdhooks'
94477 INFO: Processing standard module hook 'hook-vtkmodules.vtkIOIOSS.py' from 'C:\\Users\\Irannobat\\AppData\\Local\\Programs\\Python\\Python312\\Lib\\site-packages\\_pyinstaller_hooks_contrib\\stdhooks'
94484 INFO: Processing standard module hook 'hook-vtkmodules.vtkIOHDF.py' from 'C:\\Users\\Irannobat\\AppData\\Local\\Programs\\Python\\Python312\\Lib\\site-packages\\_pyinstaller_hooks_contrib\\stdhooks'
94490 INFO: Processing standard module hook 'hook-vtkmodules.vtkIOH5part.py' from 'C:\\Users\\Irannobat\\AppData\\Local\\Programs\\Python\\Python312\\Lib\\site-packages\\_pyinstaller_hooks_contrib\\stdhooks'
94494 INFO: Processing standard module hook 'hook-vtkmodules.vtkIOH5Rage.py' from 'C:\\Users\\Irannobat\\AppData\\Local\\Programs\\Python\\Python312\\Lib\\site-packages\\_pyinstaller_hooks_contrib\\stdhooks'
94502 INFO: Processing standard module hook 'hook-vtkmodules.vtkIOGeoJSON.py' from 'C:\\Users\\Irannobat\\AppData\\Local\\Programs\\Python\\Python312\\Lib\\site-packages\\_pyinstaller_hooks_contrib\\stdhooks'
94506 INFO: Processing standard module hook 'hook-vtkmodules.vtkIOFLUENTCFF.py' from 'C:\\Users\\Irannobat\\AppData\\Local\\Programs\\Python\\Python312\\Lib\\site-packages\\_pyinstaller_hooks_contrib\\stdhooks'
94513 INFO: Processing standard module hook 'hook-vtkmodules.vtkIOVideo.py' from 'C:\\Users\\Irannobat\\AppData\\Local\\Programs\\Python\\Python312\\Lib\\site-packages\\_pyinstaller_hooks_contrib\\stdhooks'
94517 INFO: Processing standard module hook 'hook-vtkmodules.vtkIOFDS.py' from 'C:\\Users\\Irannobat\\AppData\\Local\\Programs\\Python\\Python312\\Lib\\site-packages\\_pyinstaller_hooks_contrib\\stdhooks'
94552 INFO: Processing standard module hook 'hook-vtkmodules.vtkIOInfovis.py' from 'C:\\Users\\Irannobat\\AppData\\Local\\Programs\\Python\\Python312\\Lib\\site-packages\\_pyinstaller_hooks_contrib\\stdhooks'
94563 INFO: Processing standard module hook 'hook-vtkmodules.vtkIOExportPDF.py' from 'C:\\Users\\Irannobat\\AppData\\Local\\Programs\\Python\\Python312\\Lib\\site-packages\\_pyinstaller_hooks_contrib\\stdhooks'
94569 INFO: Processing standard module hook 'hook-vtkmodules.vtkRenderingGL2PSOpenGL2.py' from 'C:\\Users\\Irannobat\\AppData\\Local\\Programs\\Python\\Python312\\Lib\\site-packages\\_pyinstaller_hooks_contrib\\stdhooks'
94579 INFO: Processing standard module hook 'hook-vtkmodules.vtkIOExportGL2PS.py' from 'C:\\Users\\Irannobat\\AppData\\Local\\Programs\\Python\\Python312\\Lib\\site-packages\\_pyinstaller_hooks_contrib\\stdhooks'
94583 INFO: Processing standard module hook 'hook-vtkmodules.vtkIOEngys.py' from 'C:\\Users\\Irannobat\\AppData\\Local\\Programs\\Python\\Python312\\Lib\\site-packages\\_pyinstaller_hooks_contrib\\stdhooks'
94603 INFO: Processing standard module hook 'hook-vtkmodules.vtkIOEnSight.py' from 'C:\\Users\\Irannobat\\AppData\\Local\\Programs\\Python\\Python312\\Lib\\site-packages\\_pyinstaller_hooks_contrib\\stdhooks'
94608 INFO: Processing standard module hook 'hook-vtkmodules.vtkIOERF.py' from 'C:\\Users\\Irannobat\\AppData\\Local\\Programs\\Python\\Python312\\Lib\\site-packages\\_pyinstaller_hooks_contrib\\stdhooks'
94612 INFO: Processing standard module hook 'hook-vtkmodules.vtkIOCityGML.py' from 'C:\\Users\\Irannobat\\AppData\\Local\\Programs\\Python\\Python312\\Lib\\site-packages\\_pyinstaller_hooks_contrib\\stdhooks'
94630 INFO: Processing standard module hook 'hook-vtkmodules.vtkIOChemistry.py' from 'C:\\Users\\Irannobat\\AppData\\Local\\Programs\\Python\\Python312\\Lib\\site-packages\\_pyinstaller_hooks_contrib\\stdhooks'
94640 INFO: Processing standard module hook 'hook-vtkmodules.vtkIOCesium3DTiles.py' from 'C:\\Users\\Irannobat\\AppData\\Local\\Programs\\Python\\Python312\\Lib\\site-packages\\_pyinstaller_hooks_contrib\\stdhooks'
94642 INFO: Processing standard module hook 'hook-vtkmodules.vtkIOCONVERGECFD.py' from 'C:\\Users\\Irannobat\\AppData\\Local\\Programs\\Python\\Python312\\Lib\\site-packages\\_pyinstaller_hooks_contrib\\stdhooks'
94658 INFO: Processing standard module hook 'hook-vtkmodules.vtkIOCGNSReader.py' from 'C:\\Users\\Irannobat\\AppData\\Local\\Programs\\Python\\Python312\\Lib\\site-packages\\_pyinstaller_hooks_contrib\\stdhooks'
94662 INFO: Processing standard module hook 'hook-vtkmodules.vtkIOAvmesh.py' from 'C:\\Users\\Irannobat\\AppData\\Local\\Programs\\Python\\Python312\\Lib\\site-packages\\_pyinstaller_hooks_contrib\\stdhooks'
94665 INFO: Processing standard module hook 'hook-vtkmodules.vtkIOAsynchronous.py' from 'C:\\Users\\Irannobat\\AppData\\Local\\Programs\\Python\\Python312\\Lib\\site-packages\\_pyinstaller_hooks_contrib\\stdhooks'
94680 INFO: Processing standard module hook 'hook-vtkmodules.vtkIOAMR.py' from 'C:\\Users\\Irannobat\\AppData\\Local\\Programs\\Python\\Python312\\Lib\\site-packages\\_pyinstaller_hooks_contrib\\stdhooks'
94695 INFO: Processing standard module hook 'hook-vtkmodules.vtkInteractionImage.py' from 'C:\\Users\\Irannobat\\AppData\\Local\\Programs\\Python\\Python312\\Lib\\site-packages\\_pyinstaller_hooks_contrib\\stdhooks'
94770 INFO: Processing standard module hook 'hook-vtkmodules.vtkInfovisLayout.py' from 'C:\\Users\\Irannobat\\AppData\\Local\\Programs\\Python\\Python312\\Lib\\site-packages\\_pyinstaller_hooks_contrib\\stdhooks'
94786 INFO: Processing standard module hook 'hook-vtkmodules.vtkImagingStencil.py' from 'C:\\Users\\Irannobat\\AppData\\Local\\Programs\\Python\\Python312\\Lib\\site-packages\\_pyinstaller_hooks_contrib\\stdhooks'
94797 INFO: Processing standard module hook 'hook-vtkmodules.vtkImagingStatistics.py' from 'C:\\Users\\Irannobat\\AppData\\Local\\Programs\\Python\\Python312\\Lib\\site-packages\\_pyinstaller_hooks_contrib\\stdhooks'
94832 INFO: Processing standard module hook 'hook-vtkmodules.vtkImagingGeneral.py' from 'C:\\Users\\Irannobat\\AppData\\Local\\Programs\\Python\\Python312\\Lib\\site-packages\\_pyinstaller_hooks_contrib\\stdhooks'
94834 INFO: Processing standard module hook 'hook-vtkmodules.vtkImagingOpenGL2.py' from 'C:\\Users\\Irannobat\\AppData\\Local\\Programs\\Python\\Python312\\Lib\\site-packages\\_pyinstaller_hooks_contrib\\stdhooks'
94857 INFO: Processing standard module hook 'hook-vtkmodules.vtkImagingMorphological.py' from 'C:\\Users\\Irannobat\\AppData\\Local\\Programs\\Python\\Python312\\Lib\\site-packages\\_pyinstaller_hooks_contrib\\stdhooks'
94869 INFO: Processing standard module hook 'hook-vtkmodules.vtkImagingFourier.py' from 'C:\\Users\\Irannobat\\AppData\\Local\\Programs\\Python\\Python312\\Lib\\site-packages\\_pyinstaller_hooks_contrib\\stdhooks'
94894 INFO: Processing standard module hook 'hook-vtkmodules.vtkIOSQL.py' from 'C:\\Users\\Irannobat\\AppData\\Local\\Programs\\Python\\Python312\\Lib\\site-packages\\_pyinstaller_hooks_contrib\\stdhooks'
95122 INFO: Processing standard module hook 'hook-vtkmodules.vtkRenderingAnnotation.py' from 'C:\\Users\\Irannobat\\AppData\\Local\\Programs\\Python\\Python312\\Lib\\site-packages\\_pyinstaller_hooks_contrib\\stdhooks'
95167 INFO: Processing standard module hook 'hook-vtkmodules.vtkImagingHybrid.py' from 'C:\\Users\\Irannobat\\AppData\\Local\\Programs\\Python\\Python312\\Lib\\site-packages\\_pyinstaller_hooks_contrib\\stdhooks'
95174 INFO: Processing standard module hook 'hook-vtkmodules.vtkGeovisCore.py' from 'C:\\Users\\Irannobat\\AppData\\Local\\Programs\\Python\\Python312\\Lib\\site-packages\\_pyinstaller_hooks_contrib\\stdhooks'
95177 INFO: Processing standard module hook 'hook-vtkmodules.vtkFiltersTopology.py' from 'C:\\Users\\Irannobat\\AppData\\Local\\Programs\\Python\\Python312\\Lib\\site-packages\\_pyinstaller_hooks_contrib\\stdhooks'
95182 INFO: Processing standard module hook 'hook-vtkmodules.vtkFiltersTensor.py' from 'C:\\Users\\Irannobat\\AppData\\Local\\Programs\\Python\\Python312\\Lib\\site-packages\\_pyinstaller_hooks_contrib\\stdhooks'
95189 INFO: Processing standard module hook 'hook-vtkmodules.vtkFiltersSelection.py' from 'C:\\Users\\Irannobat\\AppData\\Local\\Programs\\Python\\Python312\\Lib\\site-packages\\_pyinstaller_hooks_contrib\\stdhooks'
95195 INFO: Processing standard module hook 'hook-vtkmodules.vtkFiltersSMP.py' from 'C:\\Users\\Irannobat\\AppData\\Local\\Programs\\Python\\Python312\\Lib\\site-packages\\_pyinstaller_hooks_contrib\\stdhooks'
95197 INFO: Processing standard module hook 'hook-vtkmodules.vtkFiltersPython.py' from 'C:\\Users\\Irannobat\\AppData\\Local\\Programs\\Python\\Python312\\Lib\\site-packages\\_pyinstaller_hooks_contrib\\stdhooks'
95204 INFO: Processing standard module hook 'hook-vtkmodules.vtkFiltersProgrammable.py' from 'C:\\Users\\Irannobat\\AppData\\Local\\Programs\\Python\\Python312\\Lib\\site-packages\\_pyinstaller_hooks_contrib\\stdhooks'
95288 INFO: Processing standard module hook 'hook-vtkmodules.vtkFiltersModeling.py' from 'C:\\Users\\Irannobat\\AppData\\Local\\Programs\\Python\\Python312\\Lib\\site-packages\\_pyinstaller_hooks_contrib\\stdhooks'
95385 INFO: Processing standard module hook 'hook-vtkmodules.vtkFiltersPoints.py' from 'C:\\Users\\Irannobat\\AppData\\Local\\Programs\\Python\\Python312\\Lib\\site-packages\\_pyinstaller_hooks_contrib\\stdhooks'
95423 INFO: Processing standard module hook 'hook-vtkmodules.vtkFiltersStatistics.py' from 'C:\\Users\\Irannobat\\AppData\\Local\\Programs\\Python\\Python312\\Lib\\site-packages\\_pyinstaller_hooks_contrib\\stdhooks'
95435 INFO: Processing standard module hook 'hook-vtkmodules.vtkFiltersParallelStatistics.py' from 'C:\\Users\\Irannobat\\AppData\\Local\\Programs\\Python\\Python312\\Lib\\site-packages\\_pyinstaller_hooks_contrib\\stdhooks'
95447 INFO: Processing standard module hook 'hook-vtkmodules.vtkFiltersImaging.py' from 'C:\\Users\\Irannobat\\AppData\\Local\\Programs\\Python\\Python312\\Lib\\site-packages\\_pyinstaller_hooks_contrib\\stdhooks'
95496 INFO: Processing standard module hook 'hook-vtkmodules.vtkFiltersExtraction.py' from 'C:\\Users\\Irannobat\\AppData\\Local\\Programs\\Python\\Python312\\Lib\\site-packages\\_pyinstaller_hooks_contrib\\stdhooks'
95547 INFO: Processing standard module hook 'hook-vtkmodules.vtkFiltersGeometry.py' from 'C:\\Users\\Irannobat\\AppData\\Local\\Programs\\Python\\Python312\\Lib\\site-packages\\_pyinstaller_hooks_contrib\\stdhooks'
95609 INFO: Processing standard module hook 'hook-vtkmodules.vtkFiltersHybrid.py' from 'C:\\Users\\Irannobat\\AppData\\Local\\Programs\\Python\\Python312\\Lib\\site-packages\\_pyinstaller_hooks_contrib\\stdhooks'
95643 INFO: Processing standard module hook 'hook-vtkmodules.vtkFiltersHyperTree.py' from 'C:\\Users\\Irannobat\\AppData\\Local\\Programs\\Python\\Python312\\Lib\\site-packages\\_pyinstaller_hooks_contrib\\stdhooks'
95663 INFO: Processing standard module hook 'hook-vtkmodules.vtkFiltersTexture.py' from 'C:\\Users\\Irannobat\\AppData\\Local\\Programs\\Python\\Python312\\Lib\\site-packages\\_pyinstaller_hooks_contrib\\stdhooks'
95739 INFO: Processing standard module hook 'hook-vtkmodules.vtkFiltersParallel.py' from 'C:\\Users\\Irannobat\\AppData\\Local\\Programs\\Python\\Python312\\Lib\\site-packages\\_pyinstaller_hooks_contrib\\stdhooks'
95748 INFO: Processing standard module hook 'hook-vtkmodules.vtkFiltersParallelImaging.py' from 'C:\\Users\\Irannobat\\AppData\\Local\\Programs\\Python\\Python312\\Lib\\site-packages\\_pyinstaller_hooks_contrib\\stdhooks'
95772 INFO: Processing standard module hook 'hook-vtkmodules.vtkFiltersParallelDIY2.py' from 'C:\\Users\\Irannobat\\AppData\\Local\\Programs\\Python\\Python312\\Lib\\site-packages\\_pyinstaller_hooks_contrib\\stdhooks'
95781 INFO: Processing standard module hook 'hook-vtkmodules.vtkFiltersTemporal.py' from 'C:\\Users\\Irannobat\\AppData\\Local\\Programs\\Python\\Python312\\Lib\\site-packages\\_pyinstaller_hooks_contrib\\stdhooks'
95789 INFO: Processing standard module hook 'hook-vtkmodules.vtkFiltersGeometryPreview.py' from 'C:\\Users\\Irannobat\\AppData\\Local\\Programs\\Python\\Python312\\Lib\\site-packages\\_pyinstaller_hooks_contrib\\stdhooks'
95822 INFO: Processing standard module hook 'hook-vtkmodules.vtkFiltersGeneric.py' from 'C:\\Users\\Irannobat\\AppData\\Local\\Programs\\Python\\Python312\\Lib\\site-packages\\_pyinstaller_hooks_contrib\\stdhooks'
95884 INFO: Processing standard module hook 'hook-vtkmodules.vtkFiltersFlowPaths.py' from 'C:\\Users\\Irannobat\\AppData\\Local\\Programs\\Python\\Python312\\Lib\\site-packages\\_pyinstaller_hooks_contrib\\stdhooks'
95901 INFO: Processing standard module hook 'hook-vtkmodules.vtkFiltersAMR.py' from 'C:\\Users\\Irannobat\\AppData\\Local\\Programs\\Python\\Python312\\Lib\\site-packages\\_pyinstaller_hooks_contrib\\stdhooks'
95905 INFO: Processing standard module hook 'hook-vtkmodules.vtkDomainsChemistryOpenGL2.py' from 'C:\\Users\\Irannobat\\AppData\\Local\\Programs\\Python\\Python312\\Lib\\site-packages\\_pyinstaller_hooks_contrib\\stdhooks'
95908 INFO: Processing standard module hook 'hook-vtkmodules.vtkCommonPython.py' from 'C:\\Users\\Irannobat\\AppData\\Local\\Programs\\Python\\Python312\\Lib\\site-packages\\_pyinstaller_hooks_contrib\\stdhooks'
95920 INFO: Processing standard module hook 'hook-vtkmodules.vtkCommonColor.py' from 'C:\\Users\\Irannobat\\AppData\\Local\\Programs\\Python\\Python312\\Lib\\site-packages\\_pyinstaller_hooks_contrib\\stdhooks'
95942 INFO: Processing standard module hook 'hook-vtkmodules.vtkImagingSources.py' from 'C:\\Users\\Irannobat\\AppData\\Local\\Programs\\Python\\Python312\\Lib\\site-packages\\_pyinstaller_hooks_contrib\\stdhooks'
96010 INFO: Processing standard module hook 'hook-vtkmodules.vtkInfovisCore.py' from 'C:\\Users\\Irannobat\\AppData\\Local\\Programs\\Python\\Python312\\Lib\\site-packages\\_pyinstaller_hooks_contrib\\stdhooks'
96014 INFO: Processing standard module hook 'hook-vtkmodules.vtkAcceleratorsVTKmCore.py' from 'C:\\Users\\Irannobat\\AppData\\Local\\Programs\\Python\\Python312\\Lib\\site-packages\\_pyinstaller_hooks_contrib\\stdhooks'
96019 INFO: Processing standard module hook 'hook-vtkmodules.vtkAcceleratorsVTKmDataModel.py' from 'C:\\Users\\Irannobat\\AppData\\Local\\Programs\\Python\\Python312\\Lib\\site-packages\\_pyinstaller_hooks_contrib\\stdhooks'
96044 INFO: Processing standard module hook 'hook-vtkmodules.vtkAcceleratorsVTKmFilters.py' from 'C:\\Users\\Irannobat\\AppData\\Local\\Programs\\Python\\Python312\\Lib\\site-packages\\_pyinstaller_hooks_contrib\\stdhooks'
96074 INFO: Processing standard module hook 'hook-vtkmodules.vtkFiltersVerdict.py' from 'C:\\Users\\Irannobat\\AppData\\Local\\Programs\\Python\\Python312\\Lib\\site-packages\\_pyinstaller_hooks_contrib\\stdhooks'
96082 INFO: Processing standard module hook 'hook-vtkmodules.vtkFiltersReduction.py' from 'C:\\Users\\Irannobat\\AppData\\Local\\Programs\\Python\\Python312\\Lib\\site-packages\\_pyinstaller_hooks_contrib\\stdhooks'
97499 INFO: Processing standard module hook 'hook-grpc.py' from 'C:\\Users\\Irannobat\\AppData\\Local\\Programs\\Python\\Python312\\Lib\\site-packages\\_pyinstaller_hooks_contrib\\stdhooks'
99580 INFO: Processing standard module hook 'hook-sounddevice.py' from 'C:\\Users\\Irannobat\\AppData\\Local\\Programs\\Python\\Python312\\Lib\\site-packages\\_pyinstaller_hooks_contrib\\stdhooks'
99637 INFO: Processing standard module hook 'hook-soundfile.py' from 'C:\\Users\\Irannobat\\AppData\\Local\\Programs\\Python\\Python312\\Lib\\site-packages\\_pyinstaller_hooks_contrib\\stdhooks'
99729 INFO: Processing standard module hook 'hook-PySide6.QtMultimedia.py' from 'C:\\Users\\Irannobat\\AppData\\Local\\Programs\\Python\\Python312\\Lib\\site-packages\\PyInstaller\\hooks'
D:\PacsClientV2\PacsClient\pacs\patient_tab\viewers\openai_reporter.py:719: SyntaxWarning: invalid escape sequence '\{'
  specific_instructions = ("""
113929 INFO: Processing standard module hook 'hook-PySide6.QtPrintSupport.py' from 'C:\\Users\\Irannobat\\AppData\\Local\\Programs\\Python\\Python312\\Lib\\site-packages\\PyInstaller\\hooks'
118503 INFO: Processing standard module hook 'hook-PySide6.QtSvg.py' from 'C:\\Users\\Irannobat\\AppData\\Local\\Programs\\Python\\Python312\\Lib\\site-packages\\PyInstaller\\hooks'
120946 INFO: Processing standard module hook 'hook-comtypes.client.py' from 'C:\\Users\\Irannobat\\AppData\\Local\\Programs\\Python\\Python312\\Lib\\site-packages\\_pyinstaller_hooks_contrib\\stdhooks'
121502 INFO: Processing standard module hook 'hook-PySide6.QtWebEngineWidgets.py' from 'C:\\Users\\Irannobat\\AppData\\Local\\Programs\\Python\\Python312\\Lib\\site-packages\\PyInstaller\\hooks'
124796 INFO: Processing standard module hook 'hook-PySide6.QtWebEngineCore.py' from 'C:\\Users\\Irannobat\\AppData\\Local\\Programs\\Python\\Python312\\Lib\\site-packages\\PyInstaller\\hooks'
133767 INFO: Processing standard module hook 'hook-PySide6.QtWebChannel.py' from 'C:\\Users\\Irannobat\\AppData\\Local\\Programs\\Python\\Python312\\Lib\\site-packages\\PyInstaller\\hooks'
137434 INFO: Processing standard module hook 'hook-PySide6.QtMultimediaWidgets.py' from 'C:\\Users\\Irannobat\\AppData\\Local\\Programs\\Python\\Python312\\Lib\\site-packages\\PyInstaller\\hooks'
141143 INFO: Processing standard module hook 'hook-PySide6.QtPdf.py' from 'C:\\Users\\Irannobat\\AppData\\Local\\Programs\\Python\\Python312\\Lib\\site-packages\\PyInstaller\\hooks'
145309 INFO: Processing standard module hook 'hook-PySide6.QtPdfWidgets.py' from 'C:\\Users\\Irannobat\\AppData\\Local\\Programs\\Python\\Python312\\Lib\\site-packages\\PyInstaller\\hooks'
149448 INFO: Analyzing hidden import 'PySide6.QtSvgWidgets'
149452 INFO: Processing standard module hook 'hook-PySide6.QtSvgWidgets.py' from 'C:\\Users\\Irannobat\\AppData\\Local\\Programs\\Python\\Python312\\Lib\\site-packages\\PyInstaller\\hooks'
151280 INFO: Analyzing hidden import 'vtkmodules.util.data_model'
151373 INFO: Analyzing hidden import 'vtkmodules.util.execution_model'
151386 INFO: Analyzing hidden import 'vtkmodules.util.keys'
151390 INFO: Analyzing hidden import 'vtkmodules.util.colors'
151401 INFO: Analyzing hidden import 'vtkmodules.util.vtkAlgorithm'
151408 INFO: Analyzing hidden import 'vtkmodules.util.vtkImageExportToArray'
151412 INFO: Analyzing hidden import 'vtkmodules.util.vtkImageImportFromArray'
151420 INFO: Analyzing hidden import 'vtkmodules.util.vtkMethodParser'
151430 INFO: Analyzing hidden import 'numpy._core'
151432 INFO: Analyzing hidden import 'numpy._core.multiarray'
151432 INFO: Analyzing hidden import 'numpy._core._multiarray_umath'
151434 INFO: Analyzing hidden import 'numpy._core._methods'
151434 ERROR: Hidden import 'numpy._core._methods' not found
151434 INFO: Analyzing hidden import 'googleapiclient'
151436 INFO: Analyzing hidden import 'googleapiclient.discovery'
151483 INFO: Processing standard module hook 'hook-google.api_core.py' from 'C:\\Users\\Irannobat\\AppData\\Local\\Programs\\Python\\Python312\\Lib\\site-packages\\_pyinstaller_hooks_contrib\\stdhooks'
152517 INFO: Processing standard module hook 'hook-httplib2.py' from 'C:\\Users\\Irannobat\\AppData\\Local\\Programs\\Python\\Python312\\Lib\\site-packages\\_pyinstaller_hooks_contrib\\stdhooks'
152661 INFO: Processing standard module hook 'hook-googleapiclient.model.py' from 'C:\\Users\\Irannobat\\AppData\\Local\\Programs\\Python\\Python312\\Lib\\site-packages\\_pyinstaller_hooks_contrib\\stdhooks'
153033 INFO: Analyzing hidden import 'qtawesome.fonts'
153033 INFO: Analyzing hidden import 'Custom_Widgets'
153033 ERROR: Hidden import 'Custom_Widgets' not found
153035 INFO: Analyzing hidden import 'Custom_Widgets.QAppSettings'
153035 ERROR: Hidden import 'Custom_Widgets.QAppSettings' not found
153035 INFO: Analyzing hidden import 'Custom_Widgets.Widgets'
153035 ERROR: Hidden import 'Custom_Widgets.Widgets' not found
153035 INFO: Analyzing hidden import 'Custom_Widgets.QCustomQStackedWidget'
153035 ERROR: Hidden import 'Custom_Widgets.QCustomQStackedWidget' not found
153035 INFO: Analyzing hidden import 'Custom_Widgets.QCustomSlideMenu'
153035 ERROR: Hidden import 'Custom_Widgets.QCustomSlideMenu' not found
153035 INFO: Analyzing hidden import 'openai'
153095 INFO: Processing standard module hook 'hook-pydantic.py' from 'C:\\Users\\Irannobat\\AppData\\Local\\Programs\\Python\\Python312\\Lib\\site-packages\\_pyinstaller_hooks_contrib\\stdhooks'
156101 INFO: Processing standard module hook 'hook-anyio.py' from 'C:\\Users\\Irannobat\\AppData\\Local\\Programs\\Python\\Python312\\Lib\\site-packages\\_pyinstaller_hooks_contrib\\stdhooks'
161206 INFO: Analyzing hidden import 'python_dotenv'
161207 ERROR: Hidden import 'python_dotenv' not found
161207 INFO: Analyzing hidden import 'PacsClient.pacs.patient_tab.MprViewer'
161207 ERROR: Hidden import 'PacsClient.pacs.patient_tab.MprViewer' not found
161207 INFO: Analyzing hidden import 'PacsClient.pacs.patient_tab.MprViewer.VtkBase'
161207 ERROR: Hidden import 'PacsClient.pacs.patient_tab.MprViewer.VtkBase' not found
161207 INFO: Analyzing hidden import 'PacsClient.pacs.patient_tab.MprViewer.OrthoViewer'
161208 ERROR: Hidden import 'PacsClient.pacs.patient_tab.MprViewer.OrthoViewer' not found
161208 INFO: Analyzing hidden import 'PacsClient.pacs.patient_tab.MprViewer.CommandSliceSelect'
161208 ERROR: Hidden import 'PacsClient.pacs.patient_tab.MprViewer.CommandSliceSelect' not found
161208 INFO: Analyzing hidden import 'PacsClient.pacs.patient_tab.MprViewer.ViewersConnection'
161208 ERROR: Hidden import 'PacsClient.pacs.patient_tab.MprViewer.ViewersConnection' not found
161208 INFO: Analyzing hidden import 'PacsClient.pacs.patient_tab.MprViewer.VtkViewer'
161208 ERROR: Hidden import 'PacsClient.pacs.patient_tab.MprViewer.VtkViewer' not found
161208 INFO: Analyzing hidden import 'PacsClient.pacs.patient_tab.MprViewer.SegmentationViewer'
161209 ERROR: Hidden import 'PacsClient.pacs.patient_tab.MprViewer.SegmentationViewer' not found
161209 INFO: Analyzing hidden import 'PacsClient.pacs.patient_tab.MprViewer.MprViewerWrapper'
161209 ERROR: Hidden import 'PacsClient.pacs.patient_tab.MprViewer.MprViewerWrapper' not found
161209 INFO: Analyzing hidden import 'PacsClient.pacs.patient_tab.MprViewer.QtOrthoViewer'
161209 ERROR: Hidden import 'PacsClient.pacs.patient_tab.MprViewer.QtOrthoViewer' not found
161209 INFO: Analyzing hidden import 'PacsClient.pacs.patient_tab.MprViewer.QtSegmentationViewer'
161209 ERROR: Hidden import 'PacsClient.pacs.patient_tab.MprViewer.QtSegmentationViewer' not found
161209 INFO: Analyzing hidden import 'PacsClient.pacs.patient_tab.MprViewer.QtViewer'
161210 ERROR: Hidden import 'PacsClient.pacs.patient_tab.MprViewer.QtViewer' not found
161210 INFO: Analyzing hidden import 'PacsClient.pacs.patient_tab.MprViewer.Worker'
161210 ERROR: Hidden import 'PacsClient.pacs.patient_tab.MprViewer.Worker' not found
161210 INFO: Analyzing hidden import 'PacsClient.pacs.patient_tab.MprViewer.VtkBaseDirect'
161210 ERROR: Hidden import 'PacsClient.pacs.patient_tab.MprViewer.VtkBaseDirect' not found
161210 INFO: Analyzing hidden import 'PacsClient.pacs.patient_tab.MprViewer.VtkViewerDirect'
161210 ERROR: Hidden import 'PacsClient.pacs.patient_tab.MprViewer.VtkViewerDirect' not found
161210 INFO: Analyzing hidden import 'vtkmodules.generate_pyi'
161238 INFO: Analyzing hidden import 'vtkmodules.gtk'
161240 INFO: Analyzing hidden import 'vtkmodules.gtk.GtkGLExtVTKRenderWindow'
161264 INFO: Analyzing hidden import 'vtkmodules.gtk.GtkGLExtVTKRenderWindowInteractor'
161279 INFO: Analyzing hidden import 'vtkmodules.gtk.GtkVTKRenderWindow'
161307 INFO: Analyzing hidden import 'vtkmodules.gtk.GtkVTKRenderWindowInteractor'
161322 INFO: Analyzing hidden import 'vtkmodules.numpy_interface.algorithms'
161400 INFO: Analyzing hidden import 'vtkmodules.test'
161401 INFO: Analyzing hidden import 'vtkmodules.test.BlackBox'
161407 INFO: Analyzing hidden import 'vtkmodules.test.ErrorObserver'
161410 INFO: Analyzing hidden import 'vtkmodules.test.Testing'
161530 INFO: Analyzing hidden import 'vtkmodules.test.rtImageTest'
161538 INFO: Analyzing hidden import 'vtkmodules.tk'
161540 INFO: Analyzing hidden import 'vtkmodules.tk.vtkLoadPythonTkWidgets'
161546 INFO: Analyzing hidden import 'vtkmodules.tk.vtkTkImageViewerWidget'
161565 INFO: Analyzing hidden import 'vtkmodules.tk.vtkTkPhotoImage'
161567 INFO: Analyzing hidden import 'vtkmodules.tk.vtkTkRenderWidget'
161590 INFO: Analyzing hidden import 'vtkmodules.tk.vtkTkRenderWindowInteractor'
161618 INFO: Analyzing hidden import 'vtkmodules.util.xarray_support'
161644 INFO: Analyzing hidden import 'vtkmodules.web'
161650 INFO: Analyzing hidden import 'vtkmodules.web.camera'
161689 INFO: Analyzing hidden import 'vtkmodules.web.dataset_builder'
161730 INFO: Analyzing hidden import 'vtkmodules.web.errors'
161732 INFO: Analyzing hidden import 'vtkmodules.web.protocols'
161818 INFO: Analyzing hidden import 'vtkmodules.web.testing'
C:\Users\Irannobat\AppData\Local\Programs\Python\Python312\Lib\site-packages\vtkmodules\web\testing.py:687: SyntaxWarning: invalid escape sequence '\.'
  fnamePattern = re.compile("([^\.\/\\\]+)\.py")
161842 INFO: Analyzing hidden import 'vtkmodules.web.utils'
161853 INFO: Analyzing hidden import 'vtkmodules.web.venv'
161856 INFO: Analyzing hidden import 'vtkmodules.web.vtkjs_helper'
161869 INFO: Analyzing hidden import 'vtkmodules.web.wslink'
161872 INFO: Analyzing hidden import 'vtkmodules.wx'
161873 INFO: Analyzing hidden import 'vtkmodules.wx.wxVTKRenderWindow'
161900 INFO: Analyzing hidden import 'vtkmodules.wx.wxVTKRenderWindowInteractor'
161922 INFO: Processing module hooks (post-graph stage)...
161970 INFO: Processing standard module hook 'hook-win32ctypes.core.py' from 'C:\\Users\\Irannobat\\AppData\\Local\\Programs\\Python\\Python312\\Lib\\site-packages\\PyInstaller\\hooks'
172355 WARNING: Hidden import "pycparser.lextab" not found!
172355 WARNING: Hidden import "pycparser.yacctab" not found!
172541 INFO: Processing standard module hook 'hook-matplotlib.backends.py' from 'C:\\Users\\Irannobat\\AppData\\Local\\Programs\\Python\\Python312\\Lib\\site-packages\\PyInstaller\\hooks'
172543 INFO: Matplotlib backend selection method: automatic discovery of used backends
173058 INFO: Found configured default matplotlib backend: QtAgg
173058 INFO: Selected matplotlib backends: ['QtAgg']
173062 INFO: Processing standard module hook 'hook-matplotlib.backends.backend_qtagg.py' from 'C:\\Users\\Irannobat\\AppData\\Local\\Programs\\Python\\Python312\\Lib\\site-packages\\PyInstaller\\hooks'
173068 INFO: Processing standard module hook 'hook-matplotlib.backends.qt_compat.py' from 'C:\\Users\\Irannobat\\AppData\\Local\\Programs\\Python\\Python312\\Lib\\site-packages\\PyInstaller\\hooks'
173068 WARNING: hook-matplotlib.backends.qt_compat: ignoring QT_API environment variable ('PyQt6') because hook for 'PySide6' has been run!
173068 INFO: hook-matplotlib.backends.qt_compat: selected 'PySide6' as Qt bindings because hook for 'PySide6' has been run before.
173631 INFO: Processing standard module hook 'hook-PIL.SpiderImagePlugin.py' from 'C:\\Users\\Irannobat\\AppData\\Local\\Programs\\Python\\Python312\\Lib\\site-packages\\PyInstaller\\hooks'
173857 INFO: Processing standard module hook 'hook-PySide6.QtPositioning.py' from 'C:\\Users\\Irannobat\\AppData\\Local\\Programs\\Python\\Python312\\Lib\\site-packages\\PyInstaller\\hooks'
178498 INFO: Processing standard module hook 'hook-PySide6.QtQuick.py' from 'C:\\Users\\Irannobat\\AppData\\Local\\Programs\\Python\\Python312\\Lib\\site-packages\\PyInstaller\\hooks'
181947 INFO: Processing standard module hook 'hook-PySide6.QtQml.py' from 'C:\\Users\\Irannobat\\AppData\\Local\\Programs\\Python\\Python312\\Lib\\site-packages\\PyInstaller\\hooks'
269112 INFO: Processing standard module hook 'hook-PySide6.QtQuickWidgets.py' from 'C:\\Users\\Irannobat\\AppData\\Local\\Programs\\Python\\Python312\\Lib\\site-packages\\PyInstaller\\hooks'
271976 WARNING: Hidden import "scipy.special._cdflib" not found!
272076 INFO: Processing standard module hook 'hook-tzdata.py' from 'C:\\Users\\Irannobat\\AppData\\Local\\Programs\\Python\\Python312\\Lib\\site-packages\\_pyinstaller_hooks_contrib\\stdhooks'
272885 INFO: Performing binary vs. data reclassification (7941 entries)
273858 INFO: Looking for ctypes DLLs
274615 INFO: Analyzing run-time hooks ...
274615 INFO: Including custom run-time hook 'hooks/runtime_hook_numpy.py'
274617 INFO: Including custom run-time hook 'hooks/runtime_hook_vtk.py'
274639 INFO: Including run-time hook 'pyi_rth_inspect.py' from 'C:\\Users\\Irannobat\\AppData\\Local\\Programs\\Python\\Python312\\Lib\\site-packages\\PyInstaller\\hooks\\rthooks'
274641 INFO: Including run-time hook 'pyi_rth_pkgutil.py' from 'C:\\Users\\Irannobat\\AppData\\Local\\Programs\\Python\\Python312\\Lib\\site-packages\\PyInstaller\\hooks\\rthooks'
274645 INFO: Including run-time hook 'pyi_rth_cryptography_openssl.py' from 'C:\\Users\\Irannobat\\AppData\\Local\\Programs\\Python\\Python312\\Lib\\site-packages\\_pyinstaller_hooks_contrib\\rthooks'
274645 INFO: Including run-time hook 'pyi_rth_setuptools.py' from 'C:\\Users\\Irannobat\\AppData\\Local\\Programs\\Python\\Python312\\Lib\\site-packages\\PyInstaller\\hooks\\rthooks'
274649 INFO: Including run-time hook 'pyi_rth_multiprocessing.py' from 'C:\\Users\\Irannobat\\AppData\\Local\\Programs\\Python\\Python312\\Lib\\site-packages\\PyInstaller\\hooks\\rthooks'
274653 INFO: Including run-time hook 'pyi_rth_pyside6.py' from 'C:\\Users\\Irannobat\\AppData\\Local\\Programs\\Python\\Python312\\Lib\\site-packages\\PyInstaller\\hooks\\rthooks'
274655 INFO: Processing pre-find-module-path hook 'hook-_pyi_rth_utils.py' from 'C:\\Users\\Irannobat\\AppData\\Local\\Programs\\Python\\Python312\\Lib\\site-packages\\PyInstaller\\hooks\\pre_find_module_path'
274657 INFO: Processing standard module hook 'hook-_pyi_rth_utils.py' from 'C:\\Users\\Irannobat\\AppData\\Local\\Programs\\Python\\Python312\\Lib\\site-packages\\PyInstaller\\hooks'
274661 INFO: Including run-time hook 'pyi_rth_mplconfig.py' from 'C:\\Users\\Irannobat\\AppData\\Local\\Programs\\Python\\Python312\\Lib\\site-packages\\PyInstaller\\hooks\\rthooks'
274675 INFO: Including run-time hook 'pyi_rth_pkgres.py' from 'C:\\Users\\Irannobat\\AppData\\Local\\Programs\\Python\\Python312\\Lib\\site-packages\\PyInstaller\\hooks\\rthooks'
275144 INFO: Creating base_library.zip...
275182 INFO: Looking for dynamic libraries
C:\Users\Irannobat\AppData\Local\Programs\Python\Python312\Lib\site-packages\PyInstaller\building\build_main.py:227: UserWarning: pkg_resources is deprecated as an API. See https://setuptools.pypa.io/en/latest/pkg_resources.html. The pkg_resources package is slated for removal as early as 2025-11-30. Refrain from using this package or pin to Setuptools<81.
  __import__(package)
C:\Users\Irannobat\AppData\Local\Programs\Python\Python312\Lib\site-packages\PyInstaller\building\build_main.py:227: UserWarning: The numpy.array_api submodule is still experimental. See NEP 47.
  __import__(package)
C:\Users\Irannobat\AppData\Local\Programs\Python\Python312\Lib\site-packages\PyInstaller\building\build_main.py:227: PythonQtWarning: Selected binding 'pyqt6' could not be found; falling back to 'pyside6'
  __import__(package)
servers_address.json not found: D:\PacsClientV2\config\servers_address.json
22935 INFO: ├ó┼ôΓÇª Database functions imported from v1.06
24181 INFO: Imported existing <module 'comtypes.gen' from 'C:\\Users\\Irannobat\\AppData\\Local\\Programs\\Python\\Python312\\Lib\\site-packages\\comtypes\\gen\\__init__.py'>
24181 INFO: Using writeable comtypes cache directory: 'C:\Users\Irannobat\AppData\Local\Programs\Python\Python312\Lib\site-packages\comtypes\gen'
24314 INFO: Forcing use of PySide6 as Qt Implementation
ResourceWarning: gc: 2 uncollectable objects at shutdown; use gc.set_debug(gc.DEBUG_UNCOLLECTABLE) to list them
301164 INFO: Extra DLL search directories (AddDllDirectory): ['C:\\Users\\Irannobat\\AppData\\Local\\Programs\\Python\\Python312\\Lib\\site-packages\\shiboken6', 'C:\\Users\\Irannobat\\AppData\\Local\\Programs\\Python\\Python312\\Lib\\site-packages\\vtk.libs', 'C:\\Users\\Irannobat\\AppData\\Local\\Programs\\Python\\Python312\\Lib\\site-packages\\numpy.libs', 'C:\\Users\\Irannobat\\AppData\\Local\\Programs\\Python\\Python312\\Lib\\site-packages\\pandas.libs', 'C:\\Users\\Irannobat\\AppData\\Local\\Programs\\Python\\Python312\\Lib\\site-packages\\scipy.libs']
301164 INFO: Extra DLL search directories (PATH): ['C:\\Users\\Irannobat\\AppData\\Local\\Programs\\Python\\Python312\\Lib\\site-packages\\PySide6']
321769 INFO: Warnings written to D:\PacsClientV2\build\AIPacs\warn-AIPacs.txt
322199 INFO: Graph cross-reference written to D:\PacsClientV2\build\AIPacs\xref-AIPacs.html
322615 INFO: checking PYZ
322756 INFO: checking PKG
322772 INFO: Bootloader C:\Users\Irannobat\AppData\Local\Programs\Python\Python312\Lib\site-packages\PyInstaller\bootloader\Windows-64bit-intel\runw.exe
322772 INFO: checking EXE
322888 INFO: checking COLLECT
323076 INFO: Removing dir D:\PacsClientV2\dist\AIPacs
325260 INFO: Building COLLECT COLLECT-00.toc
353630 INFO: Building COLLECT COLLECT-00.toc completed successfully.
353874 INFO: Build complete! The results are available in: D:\PacsClientV2\dist
Adding qtawesome fonts from: C:\Users\Irannobat\AppData\Local\Programs\Python\Python312\Lib\site-packages\qtawesome\fonts
  Added 24 qtawesome font files
Added 0 MprViewer submodules to hiddenimports
Added 208 vtkmodules submodules to hiddenimports
--------------------------------------------------------------------------------
Γ£à Success: Application build completed

================================================================================
  Verifying build output
================================================================================

Γ£à Build successful!
   Executable: D:\PacsClientV2\dist\AIPacs\AIPacs.exe
   Size: 26.40 MB

Verifying bundled resources (root OR _internal):
Γ£à PacsClient (_internal)
Γ£à Fonts (_internal)
Γ£à Qss (_internal)

Contents of dist/AIPacs/:
   ≡ƒôä AIPacs.exe
   ≡ƒôü _internal/

Staging resources next to EXE (Qss, Fonts, config) ...
Γ£à Staged: Qss -> D:\PacsClientV2\dist\AIPacs\Qss
Γ£à Staged: Fonts -> D:\PacsClientV2\dist\AIPacs\Fonts

Re-check resources after staging:
Γ£à Fonts exists next to exe
Γ£à Qss exists next to exe

================================================================================
  Creating build information file
================================================================================

Γ£à Build information created: D:\PacsClientV2\dist\AIPacs\BUILD_INFO.txt

================================================================================
  Build Process Complete!
================================================================================

Γ£à AIPacs has been successfully built!

≡ƒôü Output location: D:\PacsClientV2\dist\AIPacs
≡ƒÜÇ Run 'dist/AIPacs/AIPacs.exe' to start the application
